OrderLens 0.5.0 로컬 검증 요약 — 2026-10-05
환경: Linux x86_64, Python 3.12.14, SQLite 3.53.1, 기존 requirements.lock 가상환경
실행 위치: projects/orderlens
명령: python -m scripts.check
종료 코드: 0
Ruff: All checks passed!
pytest: 84 passed, 2 warnings
마이그레이션: 20260921_01 → 20261005_02, 모델 일치, downgrade·재upgrade 성공
UCI 전체 임시 SQLite 적재: 541907행, 고유 원본 위치 541907개
같은 파일 재적재: 새 행 0, 중복 541907, DB 행 수 541907 유지
DB GBP 합계 9769872.054, 취소 표시 9288행
근거: artifacts/retail_db_check.json, docs/decisions/retail_db_ingestion.md
미검증: 전체 PostgreSQL 적재, 동시 최초 적재, 속도·인덱스 효과, 로컬 Compose
GitHub Actions 37301674282: checks 및 postgres-integration success
코드 커밋: 29399421f947cc4ce7d9c015a2a3ad02ec5db378
원격 로그: Ruff 통과, 84 passed / 2 warnings
PostgreSQL 16.15: revision 20261005_02, 공개 거래 최초 2·재적재 중복 2
NUMERIC 0.001000 × -3 = -0.003000, 시간대 null, downgrade·재upgrade 성공

OrderLens 0.4.0 로컬 검증 요약 — 2026-09-28 (이전 기록)
환경: Linux x86_64, Python 3.12.14, SQLite 3.53.1, 기존 requirements.lock 가상환경
실행 위치: projects/orderlens
명령: python -m scripts.check
종료 코드: 0
Ruff: All checks passed!
pytest: 80 passed, 2 warnings
SQLite 마이그레이션, 합성 309행 적재·재전송, HTTP 8페이지·120개 고유 주문 통과
실제 데이터: UCI CSV 541909행, 통과 541907, 음수 단가 격리 2
최종 코드로 2회 정제: report 동일, accepted/rejected JSONL SHA-256 동일
명령과 해시: docs/public_retail.md, artifacts/retail_quality.json, artifacts/retail_replay.json
미검증: 공개 거래 DB·API 연결, 회계상 매출, 처리 속도 벤치마크, 로컬 Compose
GitHub Actions 36410453056: checks 및 postgres-integration success
코드 커밋: 331cfadc111c076b3846c4594c0f36e4b767a3a2
원격 로그: Ruff 통과, 80 passed / 2 warnings, HTTP 8페이지·고유 주문 120
PostgreSQL 16.15: 최초 300/5/4, 재전송 0/305/4, 지표 동일, 고유 주문 120
TIMESTAMP WITH TIME ZONE, 모델 일치, downgrade·재upgrade 성공

OrderLens 0.3.0 로컬 검증 요약 — 2026-09-21 (이전 기록)
환경: Linux x86_64, Python 3.12.14, SQLite 3.53.1
의존성: requirements.lock을 새 가상환경에 설치
실행 위치: projects/orderlens
명령: python -m scripts.check
종료 코드: 0

python -m ruff check .: All checks passed!
python -m pytest -q: 61 passed, 2 warnings in 2.16s
python -m scripts.check_migrations:
  revision 20260921_01 upgrade, downgrade, reupgrade 성공
  ingestion_runs, order_snapshots, rejected_rows 생성 및 제거 확인
  SQLAlchemy 모델과 마이그레이션 차이 없음
python -m scripts.generate_demo: 합성 데이터 309행
python -m scripts.demo: 저장 300, 중복 5, 오류 4; 재전송 새 버전 0, 지표 동일
python -m scripts.evaluate_retrieval: 예제 문서 6개·관련 질문 12개·무관 질문 3개
  Top-1 / Recall@3 / MRR@3 = 1.0; 실제 사용자 질의의 독립 평가가 아님
python -m scripts.smoke_http: 실제 임시 Uvicorn 서버에 HTTP 요청
  주문 목록: limit=17, 8페이지, 반환 120, 고유 주문 120; 페이지 사이 적재 없음
  경로·상태 필터: market_a + paid, 2건 모두 일치
  지연 주문 필터: market_a, 3건 모두 일치
  주문 목록 API 키 누락: 401

경고: httpx 기반 Starlette TestClient 지원 중단 예정, anyio BlockingPortal 별칭 지원 중단 예정
GitHub Actions 35590864397 (2026-09-21): success
  checks: 고정 의존성 설치, python -m scripts.check 성공
  postgres-integration: PostgreSQL 16.15, revision 20260921_01
  최초 적재 300/중복 5/오류 4, 재전송 저장 0/중복 305/오류 4
  지표 동일, 17건씩 8페이지, 반환 120·고유 주문 120
  TIMESTAMP WITH TIME ZONE, 모델 차이 없음, downgrade 및 reupgrade 성공

미검증: 로컬 Docker Compose, 기존 DB 전환, 두 번째 리비전, 동시성 부하, 대용량 성능
